14:17:56 **** Build of project xadc_test_bsp ****
make -k all 
Running Make include in ps7_cortexa9_0/libsrc/ddrps_v1_0/src
make -C ps7_cortexa9_0/libsrc/ddrps_v1_0/src -s include  "SHELL=/bin/sh" "COMPILER=arm-none-eabi-gcc" "ARCHIVER=arm-none-eabi-ar" "COMPILER_FLAGS=  -O2 -c" "EXTRA_COMPILER_FLAGS=-mcpu=cortex-a9 -mfpu=vfpv3 -mfloat-abi=hard -nostartfiles -g -Wall -Wextra"
Running Make include in ps7_cortexa9_0/libsrc/sdps_v3_6/src
make -C ps7_cortexa9_0/libsrc/sdps_v3_6/src -s include  "SHELL=/bin/sh" "COMPILER=arm-none-eabi-gcc" "ARCHIVER=arm-none-eabi-ar" "COMPILER_FLAGS=  -O2 -c" "EXTRA_COMPILER_FLAGS=-mcpu=cortex-a9 -mfpu=vfpv3 -mfloat-abi=hard -nostartfiles -g -Wall -Wextra"
Running Make include in ps7_cortexa9_0/libsrc/standalone_v6_8/src
make -C ps7_cortexa9_0/libsrc/standalone_v6_8/src -s include  "SHELL=/bin/sh" "COMPILER=arm-none-eabi-gcc" "ARCHIVER=arm-none-eabi-ar" "COMPILER_FLAGS=  -O2 -c" "EXTRA_COMPILER_FLAGS=-mcpu=cortex-a9 -mfpu=vfpv3 -mfloat-abi=hard -nostartfiles -g -Wall -Wextra"
Running Make include in ps7_cortexa9_0/libsrc/dmaps_v2_4/src
make -C ps7_cortexa9_0/libsrc/dmaps_v2_4/src -s include  "SHELL=/bin/sh" "COMPILER=arm-none-eabi-gcc" "ARCHIVER=arm-none-eabi-ar" "COMPILER_FLAGS=  -O2 -c" "EXTRA_COMPILER_FLAGS=-mcpu=cortex-a9 -mfpu=vfpv3 -mfloat-abi=hard -nostartfiles -g -Wall -Wextra"
Running Make include in ps7_cortexa9_0/libsrc/cpu_cortexa9_v2_7/src
make -C ps7_cortexa9_0/libsrc/cpu_cortexa9_v2_7/src -s include  "SHELL=/bin/sh" "COMPILER=arm-none-eabi-gcc" "ARCHIVER=arm-none-eabi-ar" "COMPILER_FLAGS=  -O2 -c" "EXTRA_COMPILER_FLAGS=-mcpu=cortex-a9 -mfpu=vfpv3 -mfloat-abi=hard -nostartfiles -g -Wall -Wextra"
Running Make include in ps7_cortexa9_0/libsrc/emacps_v3_8/src
make -C ps7_cortexa9_0/libsrc/emacps_v3_8/src -s include  "SHELL=/bin/sh" "COMPILER=arm-none-eabi-gcc" "ARCHIVER=arm-none-eabi-ar" "COMPILER_FLAGS=  -O2 -c" "EXTRA_COMPILER_FLAGS=-mcpu=cortex-a9 -mfpu=vfpv3 -mfloat-abi=hard -nostartfiles -g -Wall -Wextra"
Running Make include in ps7_cortexa9_0/libsrc/gpiops_v3_4/src
make -C ps7_cortexa9_0/libsrc/gpiops_v3_4/src -s include  "SHELL=/bin/sh" "COMPILER=arm-none-eabi-gcc" "ARCHIVER=arm-none-eabi-ar" "COMPILER_FLAGS=  -O2 -c" "EXTRA_COMPILER_FLAGS=-mcpu=cortex-a9 -mfpu=vfpv3 -mfloat-abi=hard -nostartfiles -g -Wall -Wextra"
Running Make include in ps7_cortexa9_0/libsrc/qspips_v3_5/src
make -C ps7_cortexa9_0/libsrc/qspips_v3_5/src -s include  "SHELL=/bin/sh" "COMPILER=arm-none-eabi-gcc" "ARCHIVER=arm-none-eabi-ar" "COMPILER_FLAGS=  -O2 -c" "EXTRA_COMPILER_FLAGS=-mcpu=cortex-a9 -mfpu=vfpv3 -mfloat-abi=hard -nostartfiles -g -Wall -Wextra"
Running Make include in ps7_cortexa9_0/libsrc/axidma_v9_8/src
make -C ps7_cortexa9_0/libsrc/axidma_v9_8/src -s include  "SHELL=/bin/sh" "COMPILER=arm-none-eabi-gcc" "ARCHIVER=arm-none-eabi-ar" "COMPILER_FLAGS=  -O2 -c" "EXTRA_COMPILER_FLAGS=-mcpu=cortex-a9 -mfpu=vfpv3 -mfloat-abi=hard -nostartfiles -g -Wall -Wextra"
Running Make include in ps7_cortexa9_0/libsrc/scugic_v3_10/src
make -C ps7_cortexa9_0/libsrc/scugic_v3_10/src -s include  "SHELL=/bin/sh" "COMPILER=arm-none-eabi-gcc" "ARCHIVER=arm-none-eabi-ar" "COMPILER_FLAGS=  -O2 -c" "EXTRA_COMPILER_FLAGS=-mcpu=cortex-a9 -mfpu=vfpv3 -mfloat-abi=hard -nostartfiles -g -Wall -Wextra"
Running Make include in ps7_cortexa9_0/libsrc/xadcps_v2_3/src
make -C ps7_cortexa9_0/libsrc/xadcps_v2_3/src -s include  "SHELL=/bin/sh" "COMPILER=arm-none-eabi-gcc" "ARCHIVER=arm-none-eabi-ar" "COMPILER_FLAGS=  -O2 -c" "EXTRA_COMPILER_FLAGS=-mcpu=cortex-a9 -mfpu=vfpv3 -mfloat-abi=hard -nostartfiles -g -Wall -Wextra"
Running Make include in ps7_cortexa9_0/libsrc/devcfg_v3_5/src
make -C ps7_cortexa9_0/libsrc/devcfg_v3_5/src -s include  "SHELL=/bin/sh" "COMPILER=arm-none-eabi-gcc" "ARCHIVER=arm-none-eabi-ar" "COMPILER_FLAGS=  -O2 -c" "EXTRA_COMPILER_FLAGS=-mcpu=cortex-a9 -mfpu=vfpv3 -mfloat-abi=hard -nostartfiles -g -Wall -Wextra"
Running Make include in ps7_cortexa9_0/libsrc/gpio_v4_3/src
make -C ps7_cortexa9_0/libsrc/gpio_v4_3/src -s include  "SHELL=/bin/sh" "COMPILER=arm-none-eabi-gcc" "ARCHIVER=arm-none-eabi-ar" "COMPILER_FLAGS=  -O2 -c" "EXTRA_COMPILER_FLAGS=-mcpu=cortex-a9 -mfpu=vfpv3 -mfloat-abi=hard -nostartfiles -g -Wall -Wextra"
Running Make include in ps7_cortexa9_0/libsrc/scuwdt_v2_1/src
make -C ps7_cortexa9_0/libsrc/scuwdt_v2_1/src -s include  "SHELL=/bin/sh" "COMPILER=arm-none-eabi-gcc" "ARCHIVER=arm-none-eabi-ar" "COMPILER_FLAGS=  -O2 -c" "EXTRA_COMPILER_FLAGS=-mcpu=cortex-a9 -mfpu=vfpv3 -mfloat-abi=hard -nostartfiles -g -Wall -Wextra"
Running Make include in ps7_cortexa9_0/libsrc/uartps_v3_7/src
make -C ps7_cortexa9_0/libsrc/uartps_v3_7/src -s include  "SHELL=/bin/sh" "COMPILER=arm-none-eabi-gcc" "ARCHIVER=arm-none-eabi-ar" "COMPILER_FLAGS=  -O2 -c" "EXTRA_COMPILER_FLAGS=-mcpu=cortex-a9 -mfpu=vfpv3 -mfloat-abi=hard -nostartfiles -g -Wall -Wextra"
Running Make include in ps7_cortexa9_0/libsrc/sysmon_v7_5/src
make -C ps7_cortexa9_0/libsrc/sysmon_v7_5/src -s include  "SHELL=/bin/sh" "COMPILER=arm-none-eabi-gcc" "ARCHIVER=arm-none-eabi-ar" "COMPILER_FLAGS=  -O2 -c" "EXTRA_COMPILER_FLAGS=-mcpu=cortex-a9 -mfpu=vfpv3 -mfloat-abi=hard -nostartfiles -g -Wall -Wextra"
Running Make include in ps7_cortexa9_0/libsrc/usbps_v2_4/src
make -C ps7_cortexa9_0/libsrc/usbps_v2_4/src -s include  "SHELL=/bin/sh" "COMPILER=arm-none-eabi-gcc" "ARCHIVER=arm-none-eabi-ar" "COMPILER_FLAGS=  -O2 -c" "EXTRA_COMPILER_FLAGS=-mcpu=cortex-a9 -mfpu=vfpv3 -mfloat-abi=hard -nostartfiles -g -Wall -Wextra"
Running Make include in ps7_cortexa9_0/libsrc/coresightps_dcc_v1_4/src
make -C ps7_cortexa9_0/libsrc/coresightps_dcc_v1_4/src -s include  "SHELL=/bin/sh" "COMPILER=arm-none-eabi-gcc" "ARCHIVER=arm-none-eabi-ar" "COMPILER_FLAGS=  -O2 -c" "EXTRA_COMPILER_FLAGS=-mcpu=cortex-a9 -mfpu=vfpv3 -mfloat-abi=hard -nostartfiles -g -Wall -Wextra"
Running Make include in ps7_cortexa9_0/libsrc/scutimer_v2_1/src
make -C ps7_cortexa9_0/libsrc/scutimer_v2_1/src -s include  "SHELL=/bin/sh" "COMPILER=arm-none-eabi-gcc" "ARCHIVER=arm-none-eabi-ar" "COMPILER_FLAGS=  -O2 -c" "EXTRA_COMPILER_FLAGS=-mcpu=cortex-a9 -mfpu=vfpv3 -mfloat-abi=hard -nostartfiles -g -Wall -Wextra"
Running Make libs in ps7_cortexa9_0/libsrc/ddrps_v1_0/src
make -C ps7_cortexa9_0/libsrc/ddrps_v1_0/src -s libs  "SHELL=/bin/sh" "COMPILER=arm-none-eabi-gcc" "ARCHIVER=arm-none-eabi-ar" "COMPILER_FLAGS=  -O2 -c" "EXTRA_COMPILER_FLAGS=-mcpu=cortex-a9 -mfpu=vfpv3 -mfloat-abi=hard -nostartfiles -g -Wall -Wextra"
Compiling ddrps
arm-none-eabi-ar: creating ../../../lib/libxil.a
Running Make libs in ps7_cortexa9_0/libsrc/sdps_v3_6/src
make -C ps7_cortexa9_0/libsrc/sdps_v3_6/src -s libs  "SHELL=/bin/sh" "COMPILER=arm-none-eabi-gcc" "ARCHIVER=arm-none-eabi-ar" "COMPILER_FLAGS=  -O2 -c" "EXTRA_COMPILER_FLAGS=-mcpu=cortex-a9 -mfpu=vfpv3 -mfloat-abi=hard -nostartfiles -g -Wall -Wextra"
Compiling sdps
Running Make libs in ps7_cortexa9_0/libsrc/standalone_v6_8/src
make -C ps7_cortexa9_0/libsrc/standalone_v6_8/src -s libs  "SHELL=/bin/sh" "COMPILER=arm-none-eabi-gcc" "ARCHIVER=arm-none-eabi-ar" "COMPILER_FLAGS=  -O2 -c" "EXTRA_COMPILER_FLAGS=-mcpu=cortex-a9 -mfpu=vfpv3 -mfloat-abi=hard -nostartfiles -g -Wall -Wextra"
Compiling standalone
In file included from sleep.c:53:0:
xtime_l.h:87:9: note: #pragma message: For the sleep routines, Global timer is being used
 #pragma message ("For the sleep routines, Global timer is being used")
         ^~~~~~~
In file included from xtime_l.c:49:0:
xtime_l.h:87:9: note: #pragma message: For the sleep routines, Global timer is being used
 #pragma message ("For the sleep routines, Global timer is being used")
         ^~~~~~~
In file included from usleep.c:56:0:
xtime_l.h:87:9: note: #pragma message: For the sleep routines, Global timer is being used
 #pragma message ("For the sleep routines, Global timer is being used")
         ^~~~~~~
In file included from xil_sleeptimer.c:51:0:
xtime_l.h:87:9: note: #pragma message: For the sleep routines, Global timer is being used
 #pragma message ("For the sleep routines, Global timer is being used")
         ^~~~~~~
Running Make libs in ps7_cortexa9_0/libsrc/dmaps_v2_4/src
make -C ps7_cortexa9_0/libsrc/dmaps_v2_4/src -s libs  "SHELL=/bin/sh" "COMPILER=arm-none-eabi-gcc" "ARCHIVER=arm-none-eabi-ar" "COMPILER_FLAGS=  -O2 -c" "EXTRA_COMPILER_FLAGS=-mcpu=cortex-a9 -mfpu=vfpv3 -mfloat-abi=hard -nostartfiles -g -Wall -Wextra"
Compiling dmaps
Running Make libs in ps7_cortexa9_0/libsrc/cpu_cortexa9_v2_7/src
make -C ps7_cortexa9_0/libsrc/cpu_cortexa9_v2_7/src -s libs  "SHELL=/bin/sh" "COMPILER=arm-none-eabi-gcc" "ARCHIVER=arm-none-eabi-ar" "COMPILER_FLAGS=  -O2 -c" "EXTRA_COMPILER_FLAGS=-mcpu=cortex-a9 -mfpu=vfpv3 -mfloat-abi=hard -nostartfiles -g -Wall -Wextra"
Compiling cpu_cortexa9
Running Make libs in ps7_cortexa9_0/libsrc/emacps_v3_8/src
make -C ps7_cortexa9_0/libsrc/emacps_v3_8/src -s libs  "SHELL=/bin/sh" "COMPILER=arm-none-eabi-gcc" "ARCHIVER=arm-none-eabi-ar" "COMPILER_FLAGS=  -O2 -c" "EXTRA_COMPILER_FLAGS=-mcpu=cortex-a9 -mfpu=vfpv3 -mfloat-abi=hard -nostartfiles -g -Wall -Wextra"
Compiling emacps
Running Make libs in ps7_cortexa9_0/libsrc/gpiops_v3_4/src
make -C ps7_cortexa9_0/libsrc/gpiops_v3_4/src -s libs  "SHELL=/bin/sh" "COMPILER=arm-none-eabi-gcc" "ARCHIVER=arm-none-eabi-ar" "COMPILER_FLAGS=  -O2 -c" "EXTRA_COMPILER_FLAGS=-mcpu=cortex-a9 -mfpu=vfpv3 -mfloat-abi=hard -nostartfiles -g -Wall -Wextra"
Compiling gpiops
Running Make libs in ps7_cortexa9_0/libsrc/qspips_v3_5/src
make -C ps7_cortexa9_0/libsrc/qspips_v3_5/src -s libs  "SHELL=/bin/sh" "COMPILER=arm-none-eabi-gcc" "ARCHIVER=arm-none-eabi-ar" "COMPILER_FLAGS=  -O2 -c" "EXTRA_COMPILER_FLAGS=-mcpu=cortex-a9 -mfpu=vfpv3 -mfloat-abi=hard -nostartfiles -g -Wall -Wextra"
Compiling qspips
Running Make libs in ps7_cortexa9_0/libsrc/axidma_v9_8/src
make -C ps7_cortexa9_0/libsrc/axidma_v9_8/src -s libs  "SHELL=/bin/sh" "COMPILER=arm-none-eabi-gcc" "ARCHIVER=arm-none-eabi-ar" "COMPILER_FLAGS=  -O2 -c" "EXTRA_COMPILER_FLAGS=-mcpu=cortex-a9 -mfpu=vfpv3 -mfloat-abi=hard -nostartfiles -g -Wall -Wextra"
Compiling axidma
Running Make libs in ps7_cortexa9_0/libsrc/scugic_v3_10/src
make -C ps7_cortexa9_0/libsrc/scugic_v3_10/src -s libs  "SHELL=/bin/sh" "COMPILER=arm-none-eabi-gcc" "ARCHIVER=arm-none-eabi-ar" "COMPILER_FLAGS=  -O2 -c" "EXTRA_COMPILER_FLAGS=-mcpu=cortex-a9 -mfpu=vfpv3 -mfloat-abi=hard -nostartfiles -g -Wall -Wextra"
Compiling scugic
Running Make libs in ps7_cortexa9_0/libsrc/xadcps_v2_3/src
make -C ps7_cortexa9_0/libsrc/xadcps_v2_3/src -s libs  "SHELL=/bin/sh" "COMPILER=arm-none-eabi-gcc" "ARCHIVER=arm-none-eabi-ar" "COMPILER_FLAGS=  -O2 -c" "EXTRA_COMPILER_FLAGS=-mcpu=cortex-a9 -mfpu=vfpv3 -mfloat-abi=hard -nostartfiles -g -Wall -Wextra"
Compiling xadcps
Running Make libs in ps7_cortexa9_0/libsrc/devcfg_v3_5/src
make -C ps7_cortexa9_0/libsrc/devcfg_v3_5/src -s libs  "SHELL=/bin/sh" "COMPILER=arm-none-eabi-gcc" "ARCHIVER=arm-none-eabi-ar" "COMPILER_FLAGS=  -O2 -c" "EXTRA_COMPILER_FLAGS=-mcpu=cortex-a9 -mfpu=vfpv3 -mfloat-abi=hard -nostartfiles -g -Wall -Wextra"
Compiling devcfg
Running Make libs in ps7_cortexa9_0/libsrc/gpio_v4_3/src
make -C ps7_cortexa9_0/libsrc/gpio_v4_3/src -s libs  "SHELL=/bin/sh" "COMPILER=arm-none-eabi-gcc" "ARCHIVER=arm-none-eabi-ar" "COMPILER_FLAGS=  -O2 -c" "EXTRA_COMPILER_FLAGS=-mcpu=cortex-a9 -mfpu=vfpv3 -mfloat-abi=hard -nostartfiles -g -Wall -Wextra"
Compiling gpio
Running Make libs in ps7_cortexa9_0/libsrc/scuwdt_v2_1/src
make -C ps7_cortexa9_0/libsrc/scuwdt_v2_1/src -s libs  "SHELL=/bin/sh" "COMPILER=arm-none-eabi-gcc" "ARCHIVER=arm-none-eabi-ar" "COMPILER_FLAGS=  -O2 -c" "EXTRA_COMPILER_FLAGS=-mcpu=cortex-a9 -mfpu=vfpv3 -mfloat-abi=hard -nostartfiles -g -Wall -Wextra"
Compiling scuwdt
Running Make libs in ps7_cortexa9_0/libsrc/uartps_v3_7/src
make -C ps7_cortexa9_0/libsrc/uartps_v3_7/src -s libs  "SHELL=/bin/sh" "COMPILER=arm-none-eabi-gcc" "ARCHIVER=arm-none-eabi-ar" "COMPILER_FLAGS=  -O2 -c" "EXTRA_COMPILER_FLAGS=-mcpu=cortex-a9 -mfpu=vfpv3 -mfloat-abi=hard -nostartfiles -g -Wall -Wextra"
Compiling uartps
Running Make libs in ps7_cortexa9_0/libsrc/sysmon_v7_5/src
make -C ps7_cortexa9_0/libsrc/sysmon_v7_5/src -s libs  "SHELL=/bin/sh" "COMPILER=arm-none-eabi-gcc" "ARCHIVER=arm-none-eabi-ar" "COMPILER_FLAGS=  -O2 -c" "EXTRA_COMPILER_FLAGS=-mcpu=cortex-a9 -mfpu=vfpv3 -mfloat-abi=hard -nostartfiles -g -Wall -Wextra"
Compiling sysmon
Running Make libs in ps7_cortexa9_0/libsrc/usbps_v2_4/src
make -C ps7_cortexa9_0/libsrc/usbps_v2_4/src -s libs  "SHELL=/bin/sh" "COMPILER=arm-none-eabi-gcc" "ARCHIVER=arm-none-eabi-ar" "COMPILER_FLAGS=  -O2 -c" "EXTRA_COMPILER_FLAGS=-mcpu=cortex-a9 -mfpu=vfpv3 -mfloat-abi=hard -nostartfiles -g -Wall -Wextra"
Compiling usbps
Running Make libs in ps7_cortexa9_0/libsrc/coresightps_dcc_v1_4/src
make -C ps7_cortexa9_0/libsrc/coresightps_dcc_v1_4/src -s libs  "SHELL=/bin/sh" "COMPILER=arm-none-eabi-gcc" "ARCHIVER=arm-none-eabi-ar" "COMPILER_FLAGS=  -O2 -c" "EXTRA_COMPILER_FLAGS=-mcpu=cortex-a9 -mfpu=vfpv3 -mfloat-abi=hard -nostartfiles -g -Wall -Wextra"
Compiling coresightps_dcc
Running Make libs in ps7_cortexa9_0/libsrc/scutimer_v2_1/src
make -C ps7_cortexa9_0/libsrc/scutimer_v2_1/src -s libs  "SHELL=/bin/sh" "COMPILER=arm-none-eabi-gcc" "ARCHIVER=arm-none-eabi-ar" "COMPILER_FLAGS=  -O2 -c" "EXTRA_COMPILER_FLAGS=-mcpu=cortex-a9 -mfpu=vfpv3 -mfloat-abi=hard -nostartfiles -g -Wall -Wextra"
Compiling scutimer
Finished building libraries
14:18:07 **** Build of configuration Debug for project xadc_test ****
make pre-build main-build 
a9-linaro-pre-build-step
 
Building file: ../src/helloworld.c
Invoking: ARM v7 gcc compiler
arm-none-eabi-gcc -Wall -O0 -g3 -c -fmessage-length=0 -MT"src/helloworld.o" -mcpu=cortex-a9 -mfpu=vfpv3 -mfloat-abi=hard -I../../xadc_test_bsp/ps7_cortexa9_0/include -MMD -MP -MF"src/helloworld.d" -MT"src/helloworld.o" -o "src/helloworld.o" "../src/helloworld.c"
Finished building: ../src/helloworld.c
 
Building file: ../src/platform.c
Invoking: ARM v7 gcc compiler
arm-none-eabi-gcc -Wall -O0 -g3 -c -fmessage-length=0 -MT"src/platform.o" -mcpu=cortex-a9 -mfpu=vfpv3 -mfloat-abi=hard -I../../xadc_test_bsp/ps7_cortexa9_0/include -MMD -MP -MF"src/platform.d" -MT"src/platform.o" -o "src/platform.o" "../src/platform.c"
Finished building: ../src/platform.c
 
Building target: xadc_test.elf
Invoking: ARM v7 gcc linker
arm-none-eabi-gcc -mcpu=cortex-a9 -mfpu=vfpv3 -mfloat-abi=hard -Wl,-build-id=none -specs=Xilinx.spec -Wl,-T -Wl,../src/lscript.ld -L../../xadc_test_bsp/ps7_cortexa9_0/lib -o "xadc_test.elf"  ./src/helloworld.o ./src/platform.o   -Wl,--start-group,-lxil,-lgcc,-lc,--end-group
Finished building target: xadc_test.elf
 
Invoking: ARM v7 Print Size
arm-none-eabi-size xadc_test.elf  |tee "xadc_test.elf.size"
   text	   data	    bss	    dec	    hex	filename
  19348	   1144	  22568	  43060	   a834	xadc_test.elf
Finished building: xadc_test.elf.size
 
14:18:50 **** Auto Build of configuration Debug for project xadc_test ****
make pre-build main-build 
a9-linaro-pre-build-step
 
Building file: ../src/helloworld.c
Invoking: ARM v7 gcc compiler
arm-none-eabi-gcc -Wall -O0 -g3 -c -fmessage-length=0 -MT"src/helloworld.o" -mcpu=cortex-a9 -mfpu=vfpv3 -mfloat-abi=hard -I../../xadc_test_bsp/ps7_cortexa9_0/include -MMD -MP -MF"src/helloworld.d" -MT"src/helloworld.o" -o "src/helloworld.o" "../src/helloworld.c"
In file included from ../src/helloworld.c:36:0:
../../xadc_test_bsp/ps7_cortexa9_0/include/xtime_l.h:87:9: note: #pragma message: For the sleep routines, Global timer is being used
 #pragma message ("For the sleep routines, Global timer is being used")
         ^~~~~~~
../src/helloworld.c: In function 'main':
../src/helloworld.c:256:9: warning: unused variable 'tUsed' [-Wunused-variable]
     u32 tUsed;
         ^~~~~
../src/helloworld.c:255:17: warning: unused variable 'tCur' [-Wunused-variable]
     XTime tEnd, tCur;
                 ^~~~
../src/helloworld.c:255:11: warning: unused variable 'tEnd' [-Wunused-variable]
     XTime tEnd, tCur;
           ^~~~
Finished building: ../src/helloworld.c
 
Building target: xadc_test.elf
Invoking: ARM v7 gcc linker
arm-none-eabi-gcc -mcpu=cortex-a9 -mfpu=vfpv3 -mfloat-abi=hard -Wl,-build-id=none -specs=Xilinx.spec -Wl,-T -Wl,../src/lscript.ld -L../../xadc_test_bsp/ps7_cortexa9_0/lib -o "xadc_test.elf"  ./src/helloworld.o ./src/platform.o   -Wl,--start-group,-lxil,-lgcc,-lc,--end-group
Finished building target: xadc_test.elf
 
Invoking: ARM v7 Print Size
arm-none-eabi-size xadc_test.elf  |tee "xadc_test.elf.size"
   text	   data	    bss	    dec	    hex	filename
  51444	   3056	  22800	  77300	  12df4	xadc_test.elf
Finished building: xadc_test.elf.size
 
14:19:30 **** Auto Build of configuration Debug for project xadc_test ****
make pre-build main-build 
a9-linaro-pre-build-step
 
Building target: xadc_test.elf
Invoking: ARM v7 gcc linker
arm-none-eabi-gcc -mcpu=cortex-a9 -mfpu=vfpv3 -mfloat-abi=hard -Wl,-build-id=none -specs=Xilinx.spec -Wl,-T -Wl,../src/lscript.ld -L../../xadc_test_bsp/ps7_cortexa9_0/lib -o "xadc_test.elf"  ./src/helloworld.o ./src/platform.o   -Wl,--start-group,-lxil,-lgcc,-lc,--end-group
Finished building target: xadc_test.elf
 
Invoking: ARM v7 Print Size
arm-none-eabi-size xadc_test.elf  |tee "xadc_test.elf.size"
   text	   data	    bss	    dec	    hex	filename
  51444	   3056	  22800	  77300	  12df4	xadc_test.elf
Finished building: xadc_test.elf.size
 
14:19:42 **** Auto Build of configuration Debug for project xadc_test ****
make pre-build main-build 
a9-linaro-pre-build-step
 
Building file: ../src/helloworld.c
Invoking: ARM v7 gcc compiler
arm-none-eabi-gcc -Wall -O0 -g3 -c -fmessage-length=0 -MT"src/helloworld.o" -mcpu=cortex-a9 -mfpu=vfpv3 -mfloat-abi=hard -I../../xadc_test_bsp/ps7_cortexa9_0/include -MMD -MP -MF"src/helloworld.d" -MT"src/helloworld.o" -o "src/helloworld.o" "../src/helloworld.c"
In file included from ../src/helloworld.c:36:0:
../../xadc_test_bsp/ps7_cortexa9_0/include/xtime_l.h:87:9: note: #pragma message: For the sleep routines, Global timer is being used
 #pragma message ("For the sleep routines, Global timer is being used")
         ^~~~~~~
../src/helloworld.c: In function 'main':
../src/helloworld.c:256:9: warning: unused variable 'tUsed' [-Wunused-variable]
     u32 tUsed;
         ^~~~~
../src/helloworld.c:255:17: warning: unused variable 'tCur' [-Wunused-variable]
     XTime tEnd, tCur;
                 ^~~~
../src/helloworld.c:255:11: warning: unused variable 'tEnd' [-Wunused-variable]
     XTime tEnd, tCur;
           ^~~~
Finished building: ../src/helloworld.c
 
Building target: xadc_test.elf
Invoking: ARM v7 gcc linker
arm-none-eabi-gcc -mcpu=cortex-a9 -mfpu=vfpv3 -mfloat-abi=hard -Wl,-build-id=none -specs=Xilinx.spec -Wl,-T -Wl,../src/lscript.ld -L../../xadc_test_bsp/ps7_cortexa9_0/lib -o "xadc_test.elf"  ./src/helloworld.o ./src/platform.o   -Wl,--start-group,-lxil,-lgcc,-lc,--end-group
Finished building target: xadc_test.elf
 
Invoking: ARM v7 Print Size
arm-none-eabi-size xadc_test.elf  |tee "xadc_test.elf.size"
   text	   data	    bss	    dec	    hex	filename
  51444	   3056	  22800	  77300	  12df4	xadc_test.elf
Finished building: xadc_test.elf.size
 
14:20:05 **** Incremental Build of configuration Debug for project xadc_test ****
make pre-build main-build 
a9-linaro-pre-build-step
 
make: Nothing to be done for 'main-build'.
14:20:27 **** Incremental Build of configuration Debug for project xadc_test ****
make pre-build main-build 
a9-linaro-pre-build-step
 
make: Nothing to be done for 'main-build'.
14:20:36 **** Incremental Build of configuration Debug for project xadc_test ****
make pre-build main-build 
a9-linaro-pre-build-step
 
make: Nothing to be done for 'main-build'.
14:20:48 **** Incremental Build of configuration Debug for project xadc_test ****
make pre-build main-build 
a9-linaro-pre-build-step
 
make: Nothing to be done for 'main-build'.
14:21:13 **** Auto Build of configuration Debug for project xadc_test ****
make pre-build main-build 
a9-linaro-pre-build-step
 
Building file: ../src/helloworld.c
Invoking: ARM v7 gcc compiler
arm-none-eabi-gcc -Wall -O0 -g3 -c -fmessage-length=0 -MT"src/helloworld.o" -mcpu=cortex-a9 -mfpu=vfpv3 -mfloat-abi=hard -I../../xadc_test_bsp/ps7_cortexa9_0/include -MMD -MP -MF"src/helloworld.d" -MT"src/helloworld.o" -o "src/helloworld.o" "../src/helloworld.c"
In file included from ../src/helloworld.c:36:0:
../../xadc_test_bsp/ps7_cortexa9_0/include/xtime_l.h:87:9: note: #pragma message: For the sleep routines, Global timer is being used
 #pragma message ("For the sleep routines, Global timer is being used")
         ^~~~~~~
../src/helloworld.c: In function 'main':
../src/helloworld.c:256:9: warning: unused variable 'tUsed' [-Wunused-variable]
     u32 tUsed;
         ^~~~~
../src/helloworld.c:255:17: warning: unused variable 'tCur' [-Wunused-variable]
     XTime tEnd, tCur;
                 ^~~~
../src/helloworld.c:255:11: warning: unused variable 'tEnd' [-Wunused-variable]
     XTime tEnd, tCur;
           ^~~~
Finished building: ../src/helloworld.c
 
Building target: xadc_test.elf
Invoking: ARM v7 gcc linker
arm-none-eabi-gcc -mcpu=cortex-a9 -mfpu=vfpv3 -mfloat-abi=hard -Wl,-build-id=none -specs=Xilinx.spec -Wl,-T -Wl,../src/lscript.ld -L../../xadc_test_bsp/ps7_cortexa9_0/lib -o "xadc_test.elf"  ./src/helloworld.o ./src/platform.o   -Wl,--start-group,-lxil,-lgcc,-lc,--end-group
Finished building target: xadc_test.elf
 
Invoking: ARM v7 Print Size
arm-none-eabi-size xadc_test.elf  |tee "xadc_test.elf.size"
   text	   data	    bss	    dec	    hex	filename
  51508	   3056	  22800	  77364	  12e34	xadc_test.elf
Finished building: xadc_test.elf.size
 
14:21:16 **** Incremental Build of configuration Debug for project xadc_test ****
make pre-build main-build 
a9-linaro-pre-build-step
 
make: Nothing to be done for 'main-build'.
14:21:44 **** Auto Build of configuration Debug for project xadc_test ****
make pre-build main-build 
a9-linaro-pre-build-step
 
Building file: ../src/helloworld.c
Invoking: ARM v7 gcc compiler
arm-none-eabi-gcc -Wall -O0 -g3 -c -fmessage-length=0 -MT"src/helloworld.o" -mcpu=cortex-a9 -mfpu=vfpv3 -mfloat-abi=hard -I../../xadc_test_bsp/ps7_cortexa9_0/include -MMD -MP -MF"src/helloworld.d" -MT"src/helloworld.o" -o "src/helloworld.o" "../src/helloworld.c"
In file included from ../src/helloworld.c:36:0:
../../xadc_test_bsp/ps7_cortexa9_0/include/xtime_l.h:87:9: note: #pragma message: For the sleep routines, Global timer is being used
 #pragma message ("For the sleep routines, Global timer is being used")
         ^~~~~~~
../src/helloworld.c: In function 'main':
../src/helloworld.c:256:9: warning: unused variable 'tUsed' [-Wunused-variable]
     u32 tUsed;
         ^~~~~
../src/helloworld.c:255:17: warning: unused variable 'tCur' [-Wunused-variable]
     XTime tEnd, tCur;
                 ^~~~
../src/helloworld.c:255:11: warning: unused variable 'tEnd' [-Wunused-variable]
     XTime tEnd, tCur;
           ^~~~
Finished building: ../src/helloworld.c
 
Building target: xadc_test.elf
Invoking: ARM v7 gcc linker
arm-none-eabi-gcc -mcpu=cortex-a9 -mfpu=vfpv3 -mfloat-abi=hard -Wl,-build-id=none -specs=Xilinx.spec -Wl,-T -Wl,../src/lscript.ld -L../../xadc_test_bsp/ps7_cortexa9_0/lib -o "xadc_test.elf"  ./src/helloworld.o ./src/platform.o   -Wl,--start-group,-lxil,-lgcc,-lc,--end-group
Finished building target: xadc_test.elf
 
Invoking: ARM v7 Print Size
arm-none-eabi-size xadc_test.elf  |tee "xadc_test.elf.size"
   text	   data	    bss	    dec	    hex	filename
  51508	   3056	  22800	  77364	  12e34	xadc_test.elf
Finished building: xadc_test.elf.size
 
14:21:59 **** Incremental Build of configuration Debug for project xadc_test ****
make pre-build main-build 
a9-linaro-pre-build-step
 
make: Nothing to be done for 'main-build'.
14:22:15 **** Auto Build of configuration Debug for project xadc_test ****
make pre-build main-build 
a9-linaro-pre-build-step
 
Building file: ../src/helloworld.c
Invoking: ARM v7 gcc compiler
arm-none-eabi-gcc -Wall -O0 -g3 -c -fmessage-length=0 -MT"src/helloworld.o" -mcpu=cortex-a9 -mfpu=vfpv3 -mfloat-abi=hard -I../../xadc_test_bsp/ps7_cortexa9_0/include -MMD -MP -MF"src/helloworld.d" -MT"src/helloworld.o" -o "src/helloworld.o" "../src/helloworld.c"
In file included from ../src/helloworld.c:36:0:
../../xadc_test_bsp/ps7_cortexa9_0/include/xtime_l.h:87:9: note: #pragma message: For the sleep routines, Global timer is being used
 #pragma message ("For the sleep routines, Global timer is being used")
         ^~~~~~~
../src/helloworld.c: In function 'main':
../src/helloworld.c:256:9: warning: unused variable 'tUsed' [-Wunused-variable]
     u32 tUsed;
         ^~~~~
../src/helloworld.c:255:17: warning: unused variable 'tCur' [-Wunused-variable]
     XTime tEnd, tCur;
                 ^~~~
../src/helloworld.c:255:11: warning: unused variable 'tEnd' [-Wunused-variable]
     XTime tEnd, tCur;
           ^~~~
Finished building: ../src/helloworld.c
 
Building target: xadc_test.elf
Invoking: ARM v7 gcc linker
arm-none-eabi-gcc -mcpu=cortex-a9 -mfpu=vfpv3 -mfloat-abi=hard -Wl,-build-id=none -specs=Xilinx.spec -Wl,-T -Wl,../src/lscript.ld -L../../xadc_test_bsp/ps7_cortexa9_0/lib -o "xadc_test.elf"  ./src/helloworld.o ./src/platform.o   -Wl,--start-group,-lxil,-lgcc,-lc,--end-group
Finished building target: xadc_test.elf
 
Invoking: ARM v7 Print Size
arm-none-eabi-size xadc_test.elf  |tee "xadc_test.elf.size"
   text	   data	    bss	    dec	    hex	filename
  51508	   3056	  22800	  77364	  12e34	xadc_test.elf
Finished building: xadc_test.elf.size
 
14:22:18 **** Incremental Build of configuration Debug for project xadc_test ****
make pre-build main-build 
a9-linaro-pre-build-step
 
make: Nothing to be done for 'main-build'.
14:22:33 **** Auto Build of configuration Debug for project xadc_test ****
make pre-build main-build 
a9-linaro-pre-build-step
 
Building file: ../src/helloworld.c
Invoking: ARM v7 gcc compiler
arm-none-eabi-gcc -Wall -O0 -g3 -c -fmessage-length=0 -MT"src/helloworld.o" -mcpu=cortex-a9 -mfpu=vfpv3 -mfloat-abi=hard -I../../xadc_test_bsp/ps7_cortexa9_0/include -MMD -MP -MF"src/helloworld.d" -MT"src/helloworld.o" -o "src/helloworld.o" "../src/helloworld.c"
In file included from ../src/helloworld.c:36:0:
../../xadc_test_bsp/ps7_cortexa9_0/include/xtime_l.h:87:9: note: #pragma message: For the sleep routines, Global timer is being used
 #pragma message ("For the sleep routines, Global timer is being used")
         ^~~~~~~
../src/helloworld.c: In function 'main':
../src/helloworld.c:256:9: warning: unused variable 'tUsed' [-Wunused-variable]
     u32 tUsed;
         ^~~~~
../src/helloworld.c:255:17: warning: unused variable 'tCur' [-Wunused-variable]
     XTime tEnd, tCur;
                 ^~~~
../src/helloworld.c:255:11: warning: unused variable 'tEnd' [-Wunused-variable]
     XTime tEnd, tCur;
           ^~~~
Finished building: ../src/helloworld.c
 
Building target: xadc_test.elf
Invoking: ARM v7 gcc linker
arm-none-eabi-gcc -mcpu=cortex-a9 -mfpu=vfpv3 -mfloat-abi=hard -Wl,-build-id=none -specs=Xilinx.spec -Wl,-T -Wl,../src/lscript.ld -L../../xadc_test_bsp/ps7_cortexa9_0/lib -o "xadc_test.elf"  ./src/helloworld.o ./src/platform.o   -Wl,--start-group,-lxil,-lgcc,-lc,--end-group
Finished building target: xadc_test.elf
 
Invoking: ARM v7 Print Size
arm-none-eabi-size xadc_test.elf  |tee "xadc_test.elf.size"
   text	   data	    bss	    dec	    hex	filename
  51508	   3056	  22800	  77364	  12e34	xadc_test.elf
Finished building: xadc_test.elf.size
 
14:22:37 **** Incremental Build of configuration Debug for project xadc_test ****
make pre-build main-build 
a9-linaro-pre-build-step
 
make: Nothing to be done for 'main-build'.
14:23:02 **** Auto Build of configuration Debug for project xadc_test ****
make pre-build main-build 
a9-linaro-pre-build-step
 
Building file: ../src/helloworld.c
Invoking: ARM v7 gcc compiler
arm-none-eabi-gcc -Wall -O0 -g3 -c -fmessage-length=0 -MT"src/helloworld.o" -mcpu=cortex-a9 -mfpu=vfpv3 -mfloat-abi=hard -I../../xadc_test_bsp/ps7_cortexa9_0/include -MMD -MP -MF"src/helloworld.d" -MT"src/helloworld.o" -o "src/helloworld.o" "../src/helloworld.c"
In file included from ../src/helloworld.c:36:0:
../../xadc_test_bsp/ps7_cortexa9_0/include/xtime_l.h:87:9: note: #pragma message: For the sleep routines, Global timer is being used
 #pragma message ("For the sleep routines, Global timer is being used")
         ^~~~~~~
../src/helloworld.c: In function 'main':
../src/helloworld.c:256:9: warning: unused variable 'tUsed' [-Wunused-variable]
     u32 tUsed;
         ^~~~~
../src/helloworld.c:255:17: warning: unused variable 'tCur' [-Wunused-variable]
     XTime tEnd, tCur;
                 ^~~~
../src/helloworld.c:255:11: warning: unused variable 'tEnd' [-Wunused-variable]
     XTime tEnd, tCur;
           ^~~~
Finished building: ../src/helloworld.c
 
Building target: xadc_test.elf
Invoking: ARM v7 gcc linker
arm-none-eabi-gcc -mcpu=cortex-a9 -mfpu=vfpv3 -mfloat-abi=hard -Wl,-build-id=none -specs=Xilinx.spec -Wl,-T -Wl,../src/lscript.ld -L../../xadc_test_bsp/ps7_cortexa9_0/lib -o "xadc_test.elf"  ./src/helloworld.o ./src/platform.o   -Wl,--start-group,-lxil,-lgcc,-lc,--end-group
Finished building target: xadc_test.elf
 
Invoking: ARM v7 Print Size
arm-none-eabi-size xadc_test.elf  |tee "xadc_test.elf.size"
   text	   data	    bss	    dec	    hex	filename
  51508	   3056	  22800	  77364	  12e34	xadc_test.elf
Finished building: xadc_test.elf.size
 
14:23:07 **** Incremental Build of configuration Debug for project xadc_test ****
make pre-build main-build 
a9-linaro-pre-build-step
 
make: Nothing to be done for 'main-build'.
14:23:13 **** Incremental Build of configuration Debug for project xadc_test ****
make pre-build main-build 
a9-linaro-pre-build-step
 
make: Nothing to be done for 'main-build'.
14:23:33 **** Auto Build of configuration Debug for project xadc_test ****
make pre-build main-build 
a9-linaro-pre-build-step
 
Building file: ../src/helloworld.c
Invoking: ARM v7 gcc compiler
arm-none-eabi-gcc -Wall -O0 -g3 -c -fmessage-length=0 -MT"src/helloworld.o" -mcpu=cortex-a9 -mfpu=vfpv3 -mfloat-abi=hard -I../../xadc_test_bsp/ps7_cortexa9_0/include -MMD -MP -MF"src/helloworld.d" -MT"src/helloworld.o" -o "src/helloworld.o" "../src/helloworld.c"
In file included from ../src/helloworld.c:36:0:
../../xadc_test_bsp/ps7_cortexa9_0/include/xtime_l.h:87:9: note: #pragma message: For the sleep routines, Global timer is being used
 #pragma message ("For the sleep routines, Global timer is being used")
         ^~~~~~~
../src/helloworld.c: In function 'main':
../src/helloworld.c:256:9: warning: unused variable 'tUsed' [-Wunused-variable]
     u32 tUsed;
         ^~~~~
../src/helloworld.c:255:17: warning: unused variable 'tCur' [-Wunused-variable]
     XTime tEnd, tCur;
                 ^~~~
../src/helloworld.c:255:11: warning: unused variable 'tEnd' [-Wunused-variable]
     XTime tEnd, tCur;
           ^~~~
Finished building: ../src/helloworld.c
 
Building target: xadc_test.elf
Invoking: ARM v7 gcc linker
arm-none-eabi-gcc -mcpu=cortex-a9 -mfpu=vfpv3 -mfloat-abi=hard -Wl,-build-id=none -specs=Xilinx.spec -Wl,-T -Wl,../src/lscript.ld -L../../xadc_test_bsp/ps7_cortexa9_0/lib -o "xadc_test.elf"  ./src/helloworld.o ./src/platform.o   -Wl,--start-group,-lxil,-lgcc,-lc,--end-group
Finished building target: xadc_test.elf
 
Invoking: ARM v7 Print Size
arm-none-eabi-size xadc_test.elf  |tee "xadc_test.elf.size"
   text	   data	    bss	    dec	    hex	filename
  51508	   3056	  22800	  77364	  12e34	xadc_test.elf
Finished building: xadc_test.elf.size
 
14:23:36 **** Incremental Build of configuration Debug for project xadc_test ****
make pre-build main-build 
a9-linaro-pre-build-step
 
make: Nothing to be done for 'main-build'.
14:23:49 **** Auto Build of configuration Debug for project xadc_test ****
make pre-build main-build 
a9-linaro-pre-build-step
 
Building file: ../src/helloworld.c
Invoking: ARM v7 gcc compiler
arm-none-eabi-gcc -Wall -O0 -g3 -c -fmessage-length=0 -MT"src/helloworld.o" -mcpu=cortex-a9 -mfpu=vfpv3 -mfloat-abi=hard -I../../xadc_test_bsp/ps7_cortexa9_0/include -MMD -MP -MF"src/helloworld.d" -MT"src/helloworld.o" -o "src/helloworld.o" "../src/helloworld.c"
In file included from ../src/helloworld.c:36:0:
../../xadc_test_bsp/ps7_cortexa9_0/include/xtime_l.h:87:9: note: #pragma message: For the sleep routines, Global timer is being used
 #pragma message ("For the sleep routines, Global timer is being used")
         ^~~~~~~
../src/helloworld.c: In function 'main':
../src/helloworld.c:256:9: warning: unused variable 'tUsed' [-Wunused-variable]
     u32 tUsed;
         ^~~~~
../src/helloworld.c:255:17: warning: unused variable 'tCur' [-Wunused-variable]
     XTime tEnd, tCur;
                 ^~~~
../src/helloworld.c:255:11: warning: unused variable 'tEnd' [-Wunused-variable]
     XTime tEnd, tCur;
           ^~~~
Finished building: ../src/helloworld.c
 
Building target: xadc_test.elf
Invoking: ARM v7 gcc linker
arm-none-eabi-gcc -mcpu=cortex-a9 -mfpu=vfpv3 -mfloat-abi=hard -Wl,-build-id=none -specs=Xilinx.spec -Wl,-T -Wl,../src/lscript.ld -L../../xadc_test_bsp/ps7_cortexa9_0/lib -o "xadc_test.elf"  ./src/helloworld.o ./src/platform.o   -Wl,--start-group,-lxil,-lgcc,-lc,--end-group
Finished building target: xadc_test.elf
 
Invoking: ARM v7 Print Size
arm-none-eabi-size xadc_test.elf  |tee "xadc_test.elf.size"
   text	   data	    bss	    dec	    hex	filename
  51508	   3056	  22800	  77364	  12e34	xadc_test.elf
Finished building: xadc_test.elf.size
 
14:23:52 **** Incremental Build of configuration Debug for project xadc_test ****
make pre-build main-build 
a9-linaro-pre-build-step
 
make: Nothing to be done for 'main-build'.
14:24:35 **** Auto Build of configuration Debug for project xadc_test ****
make pre-build main-build 
a9-linaro-pre-build-step
 
Building file: ../src/helloworld.c
Invoking: ARM v7 gcc compiler
arm-none-eabi-gcc -Wall -O0 -g3 -c -fmessage-length=0 -MT"src/helloworld.o" -mcpu=cortex-a9 -mfpu=vfpv3 -mfloat-abi=hard -I../../xadc_test_bsp/ps7_cortexa9_0/include -MMD -MP -MF"src/helloworld.d" -MT"src/helloworld.o" -o "src/helloworld.o" "../src/helloworld.c"
In file included from ../src/helloworld.c:36:0:
../../xadc_test_bsp/ps7_cortexa9_0/include/xtime_l.h:87:9: note: #pragma message: For the sleep routines, Global timer is being used
 #pragma message ("For the sleep routines, Global timer is being used")
         ^~~~~~~
../src/helloworld.c: In function 'main':
../src/helloworld.c:256:9: warning: unused variable 'tUsed' [-Wunused-variable]
     u32 tUsed;
         ^~~~~
../src/helloworld.c:255:17: warning: unused variable 'tCur' [-Wunused-variable]
     XTime tEnd, tCur;
                 ^~~~
../src/helloworld.c:255:11: warning: unused variable 'tEnd' [-Wunused-variable]
     XTime tEnd, tCur;
           ^~~~
Finished building: ../src/helloworld.c
 
Building target: xadc_test.elf
Invoking: ARM v7 gcc linker
arm-none-eabi-gcc -mcpu=cortex-a9 -mfpu=vfpv3 -mfloat-abi=hard -Wl,-build-id=none -specs=Xilinx.spec -Wl,-T -Wl,../src/lscript.ld -L../../xadc_test_bsp/ps7_cortexa9_0/lib -o "xadc_test.elf"  ./src/helloworld.o ./src/platform.o   -Wl,--start-group,-lxil,-lgcc,-lc,--end-group
Finished building target: xadc_test.elf
 
Invoking: ARM v7 Print Size
arm-none-eabi-size xadc_test.elf  |tee "xadc_test.elf.size"
   text	   data	    bss	    dec	    hex	filename
  51508	   3056	  22800	  77364	  12e34	xadc_test.elf
Finished building: xadc_test.elf.size
 
14:24:39 **** Incremental Build of configuration Debug for project xadc_test ****
make pre-build main-build 
a9-linaro-pre-build-step
 
make: Nothing to be done for 'main-build'.
14:25:50 **** Auto Build of configuration Debug for project xadc_test ****
make pre-build main-build 
a9-linaro-pre-build-step
 
Building file: ../src/helloworld.c
Invoking: ARM v7 gcc compiler
arm-none-eabi-gcc -Wall -O0 -g3 -c -fmessage-length=0 -MT"src/helloworld.o" -mcpu=cortex-a9 -mfpu=vfpv3 -mfloat-abi=hard -I../../xadc_test_bsp/ps7_cortexa9_0/include -MMD -MP -MF"src/helloworld.d" -MT"src/helloworld.o" -o "src/helloworld.o" "../src/helloworld.c"
In file included from ../src/helloworld.c:36:0:
../../xadc_test_bsp/ps7_cortexa9_0/include/xtime_l.h:87:9: note: #pragma message: For the sleep routines, Global timer is being used
 #pragma message ("For the sleep routines, Global timer is being used")
         ^~~~~~~
../src/helloworld.c: In function 'main':
../src/helloworld.c:256:9: warning: unused variable 'tUsed' [-Wunused-variable]
     u32 tUsed;
         ^~~~~
../src/helloworld.c:255:17: warning: unused variable 'tCur' [-Wunused-variable]
     XTime tEnd, tCur;
                 ^~~~
../src/helloworld.c:255:11: warning: unused variable 'tEnd' [-Wunused-variable]
     XTime tEnd, tCur;
           ^~~~
Finished building: ../src/helloworld.c
 
Building target: xadc_test.elf
Invoking: ARM v7 gcc linker
arm-none-eabi-gcc -mcpu=cortex-a9 -mfpu=vfpv3 -mfloat-abi=hard -Wl,-build-id=none -specs=Xilinx.spec -Wl,-T -Wl,../src/lscript.ld -L../../xadc_test_bsp/ps7_cortexa9_0/lib -o "xadc_test.elf"  ./src/helloworld.o ./src/platform.o   -Wl,--start-group,-lxil,-lgcc,-lc,--end-group
Finished building target: xadc_test.elf
 
Invoking: ARM v7 Print Size
arm-none-eabi-size xadc_test.elf  |tee "xadc_test.elf.size"
   text	   data	    bss	    dec	    hex	filename
  51508	   3056	  22800	  77364	  12e34	xadc_test.elf
Finished building: xadc_test.elf.size
 
14:25:53 **** Incremental Build of configuration Debug for project xadc_test ****
make pre-build main-build 
a9-linaro-pre-build-step
 
make: Nothing to be done for 'main-build'.
14:26:22 **** Auto Build of configuration Debug for project xadc_test ****
make pre-build main-build 
a9-linaro-pre-build-step
 
Building file: ../src/helloworld.c
Invoking: ARM v7 gcc compiler
arm-none-eabi-gcc -Wall -O0 -g3 -c -fmessage-length=0 -MT"src/helloworld.o" -mcpu=cortex-a9 -mfpu=vfpv3 -mfloat-abi=hard -I../../xadc_test_bsp/ps7_cortexa9_0/include -MMD -MP -MF"src/helloworld.d" -MT"src/helloworld.o" -o "src/helloworld.o" "../src/helloworld.c"
In file included from ../src/helloworld.c:36:0:
../../xadc_test_bsp/ps7_cortexa9_0/include/xtime_l.h:87:9: note: #pragma message: For the sleep routines, Global timer is being used
 #pragma message ("For the sleep routines, Global timer is being used")
         ^~~~~~~
../src/helloworld.c: In function 'main':
../src/helloworld.c:256:9: warning: unused variable 'tUsed' [-Wunused-variable]
     u32 tUsed;
         ^~~~~
../src/helloworld.c:255:17: warning: unused variable 'tCur' [-Wunused-variable]
     XTime tEnd, tCur;
                 ^~~~
../src/helloworld.c:255:11: warning: unused variable 'tEnd' [-Wunused-variable]
     XTime tEnd, tCur;
           ^~~~
Finished building: ../src/helloworld.c
 
Building target: xadc_test.elf
Invoking: ARM v7 gcc linker
arm-none-eabi-gcc -mcpu=cortex-a9 -mfpu=vfpv3 -mfloat-abi=hard -Wl,-build-id=none -specs=Xilinx.spec -Wl,-T -Wl,../src/lscript.ld -L../../xadc_test_bsp/ps7_cortexa9_0/lib -o "xadc_test.elf"  ./src/helloworld.o ./src/platform.o   -Wl,--start-group,-lxil,-lgcc,-lc,--end-group
Finished building target: xadc_test.elf
 
Invoking: ARM v7 Print Size
arm-none-eabi-size xadc_test.elf  |tee "xadc_test.elf.size"
   text	   data	    bss	    dec	    hex	filename
  51444	   3056	  22800	  77300	  12df4	xadc_test.elf
Finished building: xadc_test.elf.size
 
14:26:26 **** Incremental Build of configuration Debug for project xadc_test ****
make pre-build main-build 
a9-linaro-pre-build-step
 
make: Nothing to be done for 'main-build'.
14:26:59 **** Auto Build of configuration Debug for project xadc_test ****
make pre-build main-build 
a9-linaro-pre-build-step
 
Building file: ../src/helloworld.c
Invoking: ARM v7 gcc compiler
arm-none-eabi-gcc -Wall -O0 -g3 -c -fmessage-length=0 -MT"src/helloworld.o" -mcpu=cortex-a9 -mfpu=vfpv3 -mfloat-abi=hard -I../../xadc_test_bsp/ps7_cortexa9_0/include -MMD -MP -MF"src/helloworld.d" -MT"src/helloworld.o" -o "src/helloworld.o" "../src/helloworld.c"
In file included from ../src/helloworld.c:36:0:
../../xadc_test_bsp/ps7_cortexa9_0/include/xtime_l.h:87:9: note: #pragma message: For the sleep routines, Global timer is being used
 #pragma message ("For the sleep routines, Global timer is being used")
         ^~~~~~~
../src/helloworld.c: In function 'main':
../src/helloworld.c:256:9: warning: unused variable 'tUsed' [-Wunused-variable]
     u32 tUsed;
         ^~~~~
../src/helloworld.c:255:17: warning: unused variable 'tCur' [-Wunused-variable]
     XTime tEnd, tCur;
                 ^~~~
../src/helloworld.c:255:11: warning: unused variable 'tEnd' [-Wunused-variable]
     XTime tEnd, tCur;
           ^~~~
Finished building: ../src/helloworld.c
 
Building target: xadc_test.elf
Invoking: ARM v7 gcc linker
arm-none-eabi-gcc -mcpu=cortex-a9 -mfpu=vfpv3 -mfloat-abi=hard -Wl,-build-id=none -specs=Xilinx.spec -Wl,-T -Wl,../src/lscript.ld -L../../xadc_test_bsp/ps7_cortexa9_0/lib -o "xadc_test.elf"  ./src/helloworld.o ./src/platform.o   -Wl,--start-group,-lxil,-lgcc,-lc,--end-group
Finished building target: xadc_test.elf
 
Invoking: ARM v7 Print Size
arm-none-eabi-size xadc_test.elf  |tee "xadc_test.elf.size"
   text	   data	    bss	    dec	    hex	filename
  51444	   3056	  22800	  77300	  12df4	xadc_test.elf
Finished building: xadc_test.elf.size
 
14:27:01 **** Incremental Build of configuration Debug for project xadc_test ****
make pre-build main-build 
a9-linaro-pre-build-step
 
make: Nothing to be done for 'main-build'.
14:27:32 **** Auto Build of configuration Debug for project xadc_test ****
make pre-build main-build 
a9-linaro-pre-build-step
 
Building file: ../src/helloworld.c
Invoking: ARM v7 gcc compiler
arm-none-eabi-gcc -Wall -O0 -g3 -c -fmessage-length=0 -MT"src/helloworld.o" -mcpu=cortex-a9 -mfpu=vfpv3 -mfloat-abi=hard -I../../xadc_test_bsp/ps7_cortexa9_0/include -MMD -MP -MF"src/helloworld.d" -MT"src/helloworld.o" -o "src/helloworld.o" "../src/helloworld.c"
In file included from ../src/helloworld.c:36:0:
../../xadc_test_bsp/ps7_cortexa9_0/include/xtime_l.h:87:9: note: #pragma message: For the sleep routines, Global timer is being used
 #pragma message ("For the sleep routines, Global timer is being used")
         ^~~~~~~
../src/helloworld.c: In function 'main':
../src/helloworld.c:256:9: warning: unused variable 'tUsed' [-Wunused-variable]
     u32 tUsed;
         ^~~~~
../src/helloworld.c:255:17: warning: unused variable 'tCur' [-Wunused-variable]
     XTime tEnd, tCur;
                 ^~~~
../src/helloworld.c:255:11: warning: unused variable 'tEnd' [-Wunused-variable]
     XTime tEnd, tCur;
           ^~~~
Finished building: ../src/helloworld.c
 
Building target: xadc_test.elf
Invoking: ARM v7 gcc linker
arm-none-eabi-gcc -mcpu=cortex-a9 -mfpu=vfpv3 -mfloat-abi=hard -Wl,-build-id=none -specs=Xilinx.spec -Wl,-T -Wl,../src/lscript.ld -L../../xadc_test_bsp/ps7_cortexa9_0/lib -o "xadc_test.elf"  ./src/helloworld.o ./src/platform.o   -Wl,--start-group,-lxil,-lgcc,-lc,--end-group
Finished building target: xadc_test.elf
 
Invoking: ARM v7 Print Size
arm-none-eabi-size xadc_test.elf  |tee "xadc_test.elf.size"
   text	   data	    bss	    dec	    hex	filename
  51444	   3056	  22800	  77300	  12df4	xadc_test.elf
Finished building: xadc_test.elf.size
 
14:27:34 **** Incremental Build of configuration Debug for project xadc_test ****
make pre-build main-build 
a9-linaro-pre-build-step
 
make: Nothing to be done for 'main-build'.
14:27:58 **** Incremental Build of configuration Debug for project xadc_test ****
make pre-build main-build 
a9-linaro-pre-build-step
 
Building file: ../src/helloworld.c
Invoking: ARM v7 gcc compiler
arm-none-eabi-gcc -Wall -O0 -g3 -c -fmessage-length=0 -MT"src/helloworld.o" -mcpu=cortex-a9 -mfpu=vfpv3 -mfloat-abi=hard -I../../xadc_test_bsp/ps7_cortexa9_0/include -MMD -MP -MF"src/helloworld.d" -MT"src/helloworld.o" -o "src/helloworld.o" "../src/helloworld.c"
In file included from ../src/helloworld.c:36:0:
../../xadc_test_bsp/ps7_cortexa9_0/include/xtime_l.h:87:9: note: #pragma message: For the sleep routines, Global timer is being used
 #pragma message ("For the sleep routines, Global timer is being used")
         ^~~~~~~
../src/helloworld.c: In function 'main':
../src/helloworld.c:256:9: warning: unused variable 'tUsed' [-Wunused-variable]
     u32 tUsed;
         ^~~~~
../src/helloworld.c:255:17: warning: unused variable 'tCur' [-Wunused-variable]
     XTime tEnd, tCur;
                 ^~~~
../src/helloworld.c:255:11: warning: unused variable 'tEnd' [-Wunused-variable]
     XTime tEnd, tCur;
           ^~~~
Finished building: ../src/helloworld.c
 
Building target: xadc_test.elf
Invoking: ARM v7 gcc linker
arm-none-eabi-gcc -mcpu=cortex-a9 -mfpu=vfpv3 -mfloat-abi=hard -Wl,-build-id=none -specs=Xilinx.spec -Wl,-T -Wl,../src/lscript.ld -L../../xadc_test_bsp/ps7_cortexa9_0/lib -o "xadc_test.elf"  ./src/helloworld.o ./src/platform.o   -Wl,--start-group,-lxil,-lgcc,-lc,--end-group
Finished building target: xadc_test.elf
 
Invoking: ARM v7 Print Size
arm-none-eabi-size xadc_test.elf  |tee "xadc_test.elf.size"
   text	   data	    bss	    dec	    hex	filename
  51444	   3056	  22800	  77300	  12df4	xadc_test.elf
Finished building: xadc_test.elf.size
 
14:28:16 **** Auto Build of configuration Debug for project xadc_test ****
make pre-build main-build 
a9-linaro-pre-build-step
 
Building file: ../src/helloworld.c
Invoking: ARM v7 gcc compiler
arm-none-eabi-gcc -Wall -O0 -g3 -c -fmessage-length=0 -MT"src/helloworld.o" -mcpu=cortex-a9 -mfpu=vfpv3 -mfloat-abi=hard -I../../xadc_test_bsp/ps7_cortexa9_0/include -MMD -MP -MF"src/helloworld.d" -MT"src/helloworld.o" -o "src/helloworld.o" "../src/helloworld.c"
In file included from ../src/helloworld.c:36:0:
../../xadc_test_bsp/ps7_cortexa9_0/include/xtime_l.h:87:9: note: #pragma message: For the sleep routines, Global timer is being used
 #pragma message ("For the sleep routines, Global timer is being used")
         ^~~~~~~
../src/helloworld.c: In function 'main':
../src/helloworld.c:256:9: warning: unused variable 'tUsed' [-Wunused-variable]
     u32 tUsed;
         ^~~~~
../src/helloworld.c:255:17: warning: unused variable 'tCur' [-Wunused-variable]
     XTime tEnd, tCur;
                 ^~~~
../src/helloworld.c:255:11: warning: unused variable 'tEnd' [-Wunused-variable]
     XTime tEnd, tCur;
           ^~~~
Finished building: ../src/helloworld.c
 
Building target: xadc_test.elf
Invoking: ARM v7 gcc linker
arm-none-eabi-gcc -mcpu=cortex-a9 -mfpu=vfpv3 -mfloat-abi=hard -Wl,-build-id=none -specs=Xilinx.spec -Wl,-T -Wl,../src/lscript.ld -L../../xadc_test_bsp/ps7_cortexa9_0/lib -o "xadc_test.elf"  ./src/helloworld.o ./src/platform.o   -Wl,--start-group,-lxil,-lgcc,-lc,--end-group
Finished building target: xadc_test.elf
 
Invoking: ARM v7 Print Size
arm-none-eabi-size xadc_test.elf  |tee "xadc_test.elf.size"
   text	   data	    bss	    dec	    hex	filename
  51444	   3056	  22800	  77300	  12df4	xadc_test.elf
Finished building: xadc_test.elf.size
 
14:28:20 **** Incremental Build of configuration Debug for project xadc_test ****
make pre-build main-build 
a9-linaro-pre-build-step
 
make: Nothing to be done for 'main-build'.
14:28:43 **** Auto Build of configuration Debug for project xadc_test ****
make pre-build main-build 
a9-linaro-pre-build-step
 
Building file: ../src/helloworld.c
Invoking: ARM v7 gcc compiler
arm-none-eabi-gcc -Wall -O0 -g3 -c -fmessage-length=0 -MT"src/helloworld.o" -mcpu=cortex-a9 -mfpu=vfpv3 -mfloat-abi=hard -I../../xadc_test_bsp/ps7_cortexa9_0/include -MMD -MP -MF"src/helloworld.d" -MT"src/helloworld.o" -o "src/helloworld.o" "../src/helloworld.c"
In file included from ../src/helloworld.c:36:0:
../../xadc_test_bsp/ps7_cortexa9_0/include/xtime_l.h:87:9: note: #pragma message: For the sleep routines, Global timer is being used
 #pragma message ("For the sleep routines, Global timer is being used")
         ^~~~~~~
../src/helloworld.c: In function 'main':
../src/helloworld.c:256:9: warning: unused variable 'tUsed' [-Wunused-variable]
     u32 tUsed;
         ^~~~~
../src/helloworld.c:255:17: warning: unused variable 'tCur' [-Wunused-variable]
     XTime tEnd, tCur;
                 ^~~~
../src/helloworld.c:255:11: warning: unused variable 'tEnd' [-Wunused-variable]
     XTime tEnd, tCur;
           ^~~~
Finished building: ../src/helloworld.c
 
Building target: xadc_test.elf
Invoking: ARM v7 gcc linker
arm-none-eabi-gcc -mcpu=cortex-a9 -mfpu=vfpv3 -mfloat-abi=hard -Wl,-build-id=none -specs=Xilinx.spec -Wl,-T -Wl,../src/lscript.ld -L../../xadc_test_bsp/ps7_cortexa9_0/lib -o "xadc_test.elf"  ./src/helloworld.o ./src/platform.o   -Wl,--start-group,-lxil,-lgcc,-lc,--end-group
Finished building target: xadc_test.elf
 
Invoking: ARM v7 Print Size
arm-none-eabi-size xadc_test.elf  |tee "xadc_test.elf.size"
   text	   data	    bss	    dec	    hex	filename
  51508	   3056	  22800	  77364	  12e34	xadc_test.elf
Finished building: xadc_test.elf.size
 
14:28:50 **** Incremental Build of configuration Debug for project xadc_test ****
make pre-build main-build 
a9-linaro-pre-build-step
 
make: Nothing to be done for 'main-build'.
14:29:06 **** Incremental Build of configuration Debug for project xadc_test ****
make pre-build main-build 
a9-linaro-pre-build-step
 
make: Nothing to be done for 'main-build'.
14:29:35 **** Auto Build of configuration Debug for project xadc_test ****
make pre-build main-build 
a9-linaro-pre-build-step
 
Building file: ../src/helloworld.c
Invoking: ARM v7 gcc compiler
arm-none-eabi-gcc -Wall -O0 -g3 -c -fmessage-length=0 -MT"src/helloworld.o" -mcpu=cortex-a9 -mfpu=vfpv3 -mfloat-abi=hard -I../../xadc_test_bsp/ps7_cortexa9_0/include -MMD -MP -MF"src/helloworld.d" -MT"src/helloworld.o" -o "src/helloworld.o" "../src/helloworld.c"
In file included from ../src/helloworld.c:36:0:
../../xadc_test_bsp/ps7_cortexa9_0/include/xtime_l.h:87:9: note: #pragma message: For the sleep routines, Global timer is being used
 #pragma message ("For the sleep routines, Global timer is being used")
         ^~~~~~~
../src/helloworld.c: In function 'main':
../src/helloworld.c:256:9: warning: unused variable 'tUsed' [-Wunused-variable]
     u32 tUsed;
         ^~~~~
../src/helloworld.c:255:17: warning: unused variable 'tCur' [-Wunused-variable]
     XTime tEnd, tCur;
                 ^~~~
../src/helloworld.c:255:11: warning: unused variable 'tEnd' [-Wunused-variable]
     XTime tEnd, tCur;
           ^~~~
Finished building: ../src/helloworld.c
 
Building target: xadc_test.elf
Invoking: ARM v7 gcc linker
arm-none-eabi-gcc -mcpu=cortex-a9 -mfpu=vfpv3 -mfloat-abi=hard -Wl,-build-id=none -specs=Xilinx.spec -Wl,-T -Wl,../src/lscript.ld -L../../xadc_test_bsp/ps7_cortexa9_0/lib -o "xadc_test.elf"  ./src/helloworld.o ./src/platform.o   -Wl,--start-group,-lxil,-lgcc,-lc,--end-group
Finished building target: xadc_test.elf
 
Invoking: ARM v7 Print Size
arm-none-eabi-size xadc_test.elf  |tee "xadc_test.elf.size"
   text	   data	    bss	    dec	    hex	filename
  51444	   3056	  22800	  77300	  12df4	xadc_test.elf
Finished building: xadc_test.elf.size
 
14:29:38 **** Incremental Build of configuration Debug for project xadc_test ****
make pre-build main-build 
a9-linaro-pre-build-step
 
make: Nothing to be done for 'main-build'.
14:30:50 **** Auto Build of configuration Debug for project xadc_test ****
make pre-build main-build 
a9-linaro-pre-build-step
 
Building file: ../src/helloworld.c
Invoking: ARM v7 gcc compiler
arm-none-eabi-gcc -Wall -O0 -g3 -c -fmessage-length=0 -MT"src/helloworld.o" -mcpu=cortex-a9 -mfpu=vfpv3 -mfloat-abi=hard -I../../xadc_test_bsp/ps7_cortexa9_0/include -MMD -MP -MF"src/helloworld.d" -MT"src/helloworld.o" -o "src/helloworld.o" "../src/helloworld.c"
In file included from ../src/helloworld.c:36:0:
../../xadc_test_bsp/ps7_cortexa9_0/include/xtime_l.h:87:9: note: #pragma message: For the sleep routines, Global timer is being used
 #pragma message ("For the sleep routines, Global timer is being used")
         ^~~~~~~
../src/helloworld.c: In function 'main':
../src/helloworld.c:256:9: warning: unused variable 'tUsed' [-Wunused-variable]
     u32 tUsed;
         ^~~~~
../src/helloworld.c:255:17: warning: unused variable 'tCur' [-Wunused-variable]
     XTime tEnd, tCur;
                 ^~~~
../src/helloworld.c:255:11: warning: unused variable 'tEnd' [-Wunused-variable]
     XTime tEnd, tCur;
           ^~~~
Finished building: ../src/helloworld.c
 
Building target: xadc_test.elf
Invoking: ARM v7 gcc linker
arm-none-eabi-gcc -mcpu=cortex-a9 -mfpu=vfpv3 -mfloat-abi=hard -Wl,-build-id=none -specs=Xilinx.spec -Wl,-T -Wl,../src/lscript.ld -L../../xadc_test_bsp/ps7_cortexa9_0/lib -o "xadc_test.elf"  ./src/helloworld.o ./src/platform.o   -Wl,--start-group,-lxil,-lgcc,-lc,--end-group
Finished building target: xadc_test.elf
 
Invoking: ARM v7 Print Size
arm-none-eabi-size xadc_test.elf  |tee "xadc_test.elf.size"
   text	   data	    bss	    dec	    hex	filename
  51444	   3056	  22800	  77300	  12df4	xadc_test.elf
Finished building: xadc_test.elf.size
 
14:30:54 **** Incremental Build of configuration Debug for project xadc_test ****
make pre-build main-build 
a9-linaro-pre-build-step
 
make: Nothing to be done for 'main-build'.
14:34:52 **** Incremental Build of configuration Debug for project xadc_test ****
make pre-build main-build 
a9-linaro-pre-build-step
 
Building file: ../src/helloworld.c
Invoking: ARM v7 gcc compiler
arm-none-eabi-gcc -Wall -O0 -g3 -c -fmessage-length=0 -MT"src/helloworld.o" -mcpu=cortex-a9 -mfpu=vfpv3 -mfloat-abi=hard -I../../xadc_test_bsp/ps7_cortexa9_0/include -MMD -MP -MF"src/helloworld.d" -MT"src/helloworld.o" -o "src/helloworld.o" "../src/helloworld.c"
In file included from ../src/helloworld.c:36:0:
../../xadc_test_bsp/ps7_cortexa9_0/include/xtime_l.h:87:9: note: #pragma message: For the sleep routines, Global timer is being used
 #pragma message ("For the sleep routines, Global timer is being used")
         ^~~~~~~
../src/helloworld.c: In function 'main':
../src/helloworld.c:256:9: warning: unused variable 'tUsed' [-Wunused-variable]
     u32 tUsed;
         ^~~~~
../src/helloworld.c:255:17: warning: unused variable 'tCur' [-Wunused-variable]
     XTime tEnd, tCur;
                 ^~~~
../src/helloworld.c:255:11: warning: unused variable 'tEnd' [-Wunused-variable]
     XTime tEnd, tCur;
           ^~~~
Finished building: ../src/helloworld.c
 
Building target: xadc_test.elf
Invoking: ARM v7 gcc linker
arm-none-eabi-gcc -mcpu=cortex-a9 -mfpu=vfpv3 -mfloat-abi=hard -Wl,-build-id=none -specs=Xilinx.spec -Wl,-T -Wl,../src/lscript.ld -L../../xadc_test_bsp/ps7_cortexa9_0/lib -o "xadc_test.elf"  ./src/helloworld.o ./src/platform.o   -Wl,--start-group,-lxil,-lgcc,-lc,--end-group
Finished building target: xadc_test.elf
 
Invoking: ARM v7 Print Size
arm-none-eabi-size xadc_test.elf  |tee "xadc_test.elf.size"
   text	   data	    bss	    dec	    hex	filename
  51444	   3056	  22800	  77300	  12df4	xadc_test.elf
Finished building: xadc_test.elf.size
 
14:35:05 **** Incremental Build of configuration Debug for project xadc_test ****
make pre-build main-build 
a9-linaro-pre-build-step
 
make: Nothing to be done for 'main-build'.
14:43:01 **** Auto Build of configuration Debug for project xadc_test ****
make pre-build main-build 
a9-linaro-pre-build-step
 
Building file: ../src/helloworld.c
Invoking: ARM v7 gcc compiler
arm-none-eabi-gcc -Wall -O0 -g3 -c -fmessage-length=0 -MT"src/helloworld.o" -mcpu=cortex-a9 -mfpu=vfpv3 -mfloat-abi=hard -I../../xadc_test_bsp/ps7_cortexa9_0/include -MMD -MP -MF"src/helloworld.d" -MT"src/helloworld.o" -o "src/helloworld.o" "../src/helloworld.c"
In file included from ../src/helloworld.c:36:0:
../../xadc_test_bsp/ps7_cortexa9_0/include/xtime_l.h:87:9: note: #pragma message: For the sleep routines, Global timer is being used
 #pragma message ("For the sleep routines, Global timer is being used")
         ^~~~~~~
../src/helloworld.c: In function 'main':
../src/helloworld.c:242:9: warning: unused variable 'tUsed' [-Wunused-variable]
     u32 tUsed;
         ^~~~~
../src/helloworld.c:241:17: warning: unused variable 'tCur' [-Wunused-variable]
     XTime tEnd, tCur;
                 ^~~~
../src/helloworld.c:241:11: warning: unused variable 'tEnd' [-Wunused-variable]
     XTime tEnd, tCur;
           ^~~~
Finished building: ../src/helloworld.c
 
Building target: xadc_test.elf
Invoking: ARM v7 gcc linker
arm-none-eabi-gcc -mcpu=cortex-a9 -mfpu=vfpv3 -mfloat-abi=hard -Wl,-build-id=none -specs=Xilinx.spec -Wl,-T -Wl,../src/lscript.ld -L../../xadc_test_bsp/ps7_cortexa9_0/lib -o "xadc_test.elf"  ./src/helloworld.o ./src/platform.o   -Wl,--start-group,-lxil,-lgcc,-lc,--end-group
Finished building target: xadc_test.elf
 
Invoking: ARM v7 Print Size
arm-none-eabi-size xadc_test.elf  |tee "xadc_test.elf.size"
   text	   data	    bss	    dec	    hex	filename
  51380	   3048	  22800	  77228	  12dac	xadc_test.elf
Finished building: xadc_test.elf.size
 
14:43:18 **** Auto Build of configuration Debug for project xadc_test ****
make pre-build main-build 
a9-linaro-pre-build-step
 
Building file: ../src/helloworld.c
Invoking: ARM v7 gcc compiler
arm-none-eabi-gcc -Wall -O0 -g3 -c -fmessage-length=0 -MT"src/helloworld.o" -mcpu=cortex-a9 -mfpu=vfpv3 -mfloat-abi=hard -I../../xadc_test_bsp/ps7_cortexa9_0/include -MMD -MP -MF"src/helloworld.d" -MT"src/helloworld.o" -o "src/helloworld.o" "../src/helloworld.c"
In file included from ../src/helloworld.c:36:0:
../../xadc_test_bsp/ps7_cortexa9_0/include/xtime_l.h:87:9: note: #pragma message: For the sleep routines, Global timer is being used
 #pragma message ("For the sleep routines, Global timer is being used")
         ^~~~~~~
../src/helloworld.c: In function 'main':
../src/helloworld.c:242:9: warning: unused variable 'tUsed' [-Wunused-variable]
     u32 tUsed;
         ^~~~~
../src/helloworld.c:241:17: warning: unused variable 'tCur' [-Wunused-variable]
     XTime tEnd, tCur;
                 ^~~~
../src/helloworld.c:241:11: warning: unused variable 'tEnd' [-Wunused-variable]
     XTime tEnd, tCur;
           ^~~~
Finished building: ../src/helloworld.c
 
Building target: xadc_test.elf
Invoking: ARM v7 gcc linker
arm-none-eabi-gcc -mcpu=cortex-a9 -mfpu=vfpv3 -mfloat-abi=hard -Wl,-build-id=none -specs=Xilinx.spec -Wl,-T -Wl,../src/lscript.ld -L../../xadc_test_bsp/ps7_cortexa9_0/lib -o "xadc_test.elf"  ./src/helloworld.o ./src/platform.o   -Wl,--start-group,-lxil,-lgcc,-lc,--end-group
Finished building target: xadc_test.elf
 
Invoking: ARM v7 Print Size
arm-none-eabi-size xadc_test.elf  |tee "xadc_test.elf.size"
   text	   data	    bss	    dec	    hex	filename
  51380	   3048	  22800	  77228	  12dac	xadc_test.elf
Finished building: xadc_test.elf.size
 
14:43:28 **** Incremental Build of configuration Debug for project xadc_test ****
make pre-build main-build 
a9-linaro-pre-build-step
 
make: Nothing to be done for 'main-build'.
14:43:36 **** Auto Build of configuration Debug for project xadc_test ****
make pre-build main-build 
a9-linaro-pre-build-step
 
Building file: ../src/helloworld.c
Invoking: ARM v7 gcc compiler
arm-none-eabi-gcc -Wall -O0 -g3 -c -fmessage-length=0 -MT"src/helloworld.o" -mcpu=cortex-a9 -mfpu=vfpv3 -mfloat-abi=hard -I../../xadc_test_bsp/ps7_cortexa9_0/include -MMD -MP -MF"src/helloworld.d" -MT"src/helloworld.o" -o "src/helloworld.o" "../src/helloworld.c"
In file included from ../src/helloworld.c:36:0:
../../xadc_test_bsp/ps7_cortexa9_0/include/xtime_l.h:87:9: note: #pragma message: For the sleep routines, Global timer is being used
 #pragma message ("For the sleep routines, Global timer is being used")
         ^~~~~~~
../src/helloworld.c: In function 'main':
../src/helloworld.c:242:9: warning: unused variable 'tUsed' [-Wunused-variable]
     u32 tUsed;
         ^~~~~
../src/helloworld.c:241:17: warning: unused variable 'tCur' [-Wunused-variable]
     XTime tEnd, tCur;
                 ^~~~
../src/helloworld.c:241:11: warning: unused variable 'tEnd' [-Wunused-variable]
     XTime tEnd, tCur;
           ^~~~
Finished building: ../src/helloworld.c
 
Building target: xadc_test.elf
Invoking: ARM v7 gcc linker
arm-none-eabi-gcc -mcpu=cortex-a9 -mfpu=vfpv3 -mfloat-abi=hard -Wl,-build-id=none -specs=Xilinx.spec -Wl,-T -Wl,../src/lscript.ld -L../../xadc_test_bsp/ps7_cortexa9_0/lib -o "xadc_test.elf"  ./src/helloworld.o ./src/platform.o   -Wl,--start-group,-lxil,-lgcc,-lc,--end-group
Finished building target: xadc_test.elf
 
Invoking: ARM v7 Print Size
arm-none-eabi-size xadc_test.elf  |tee "xadc_test.elf.size"
   text	   data	    bss	    dec	    hex	filename
  51380	   3048	  22800	  77228	  12dac	xadc_test.elf
Finished building: xadc_test.elf.size
 
14:43:39 **** Incremental Build of configuration Debug for project xadc_test ****
make pre-build main-build 
a9-linaro-pre-build-step
 
make: Nothing to be done for 'main-build'.
17:31:43 **** Incremental Build of configuration Debug for project xadc_test ****
make pre-build main-build 
a9-linaro-pre-build-step
 
Building file: ../src/helloworld.c
Invoking: ARM v7 gcc compiler
arm-none-eabi-gcc -Wall -O0 -g3 -c -fmessage-length=0 -MT"src/helloworld.o" -mcpu=cortex-a9 -mfpu=vfpv3 -mfloat-abi=hard -I../../xadc_test_bsp/ps7_cortexa9_0/include -MMD -MP -MF"src/helloworld.d" -MT"src/helloworld.o" -o "src/helloworld.o" "../src/helloworld.c"
In file included from ../src/helloworld.c:36:0:
../../xadc_test_bsp/ps7_cortexa9_0/include/xtime_l.h:87:9: note: #pragma message: For the sleep routines, Global timer is being used
 #pragma message ("For the sleep routines, Global timer is being used")
         ^~~~~~~
../src/helloworld.c: In function 'main':
../src/helloworld.c:242:9: warning: unused variable 'tUsed' [-Wunused-variable]
     u32 tUsed;
         ^~~~~
../src/helloworld.c:241:17: warning: unused variable 'tCur' [-Wunused-variable]
     XTime tEnd, tCur;
                 ^~~~
../src/helloworld.c:241:11: warning: unused variable 'tEnd' [-Wunused-variable]
     XTime tEnd, tCur;
           ^~~~
Finished building: ../src/helloworld.c
 
Building target: xadc_test.elf
Invoking: ARM v7 gcc linker
arm-none-eabi-gcc -mcpu=cortex-a9 -mfpu=vfpv3 -mfloat-abi=hard -Wl,-build-id=none -specs=Xilinx.spec -Wl,-T -Wl,../src/lscript.ld -L../../xadc_test_bsp/ps7_cortexa9_0/lib -o "xadc_test.elf"  ./src/helloworld.o ./src/platform.o   -Wl,--start-group,-lxil,-lgcc,-lc,--end-group
Finished building target: xadc_test.elf
 
Invoking: ARM v7 Print Size
arm-none-eabi-size xadc_test.elf  |tee "xadc_test.elf.size"
   text	   data	    bss	    dec	    hex	filename
  51380	   3048	  22800	  77228	  12dac	xadc_test.elf
Finished building: xadc_test.elf.size
 
17:33:08 **** Auto Build of configuration Debug for project xadc_test ****
make pre-build main-build 
a9-linaro-pre-build-step
 
Building file: ../src/helloworld.c
Invoking: ARM v7 gcc compiler
arm-none-eabi-gcc -Wall -O0 -g3 -c -fmessage-length=0 -MT"src/helloworld.o" -mcpu=cortex-a9 -mfpu=vfpv3 -mfloat-abi=hard -I../../xadc_test_bsp/ps7_cortexa9_0/include -MMD -MP -MF"src/helloworld.d" -MT"src/helloworld.o" -o "src/helloworld.o" "../src/helloworld.c"
In file included from ../src/helloworld.c:36:0:
../../xadc_test_bsp/ps7_cortexa9_0/include/xtime_l.h:87:9: note: #pragma message: For the sleep routines, Global timer is being used
 #pragma message ("For the sleep routines, Global timer is being used")
         ^~~~~~~
../src/helloworld.c: In function 'main':
../src/helloworld.c:242:9: warning: unused variable 'tUsed' [-Wunused-variable]
     u32 tUsed;
         ^~~~~
../src/helloworld.c:241:17: warning: unused variable 'tCur' [-Wunused-variable]
     XTime tEnd, tCur;
                 ^~~~
../src/helloworld.c:241:11: warning: unused variable 'tEnd' [-Wunused-variable]
     XTime tEnd, tCur;
           ^~~~
Finished building: ../src/helloworld.c
 
Building target: xadc_test.elf
Invoking: ARM v7 gcc linker
arm-none-eabi-gcc -mcpu=cortex-a9 -mfpu=vfpv3 -mfloat-abi=hard -Wl,-build-id=none -specs=Xilinx.spec -Wl,-T -Wl,../src/lscript.ld -L../../xadc_test_bsp/ps7_cortexa9_0/lib -o "xadc_test.elf"  ./src/helloworld.o ./src/platform.o   -Wl,--start-group,-lxil,-lgcc,-lc,--end-group
Finished building target: xadc_test.elf
 
Invoking: ARM v7 Print Size
arm-none-eabi-size xadc_test.elf  |tee "xadc_test.elf.size"
   text	   data	    bss	    dec	    hex	filename
  51380	   3048	  22800	  77228	  12dac	xadc_test.elf
Finished building: xadc_test.elf.size
 
17:33:12 **** Incremental Build of configuration Debug for project xadc_test ****
make pre-build main-build 
a9-linaro-pre-build-step
 
make: Nothing to be done for 'main-build'.
17:33:31 **** Auto Build of configuration Debug for project xadc_test ****
make pre-build main-build 
a9-linaro-pre-build-step
 
Building file: ../src/helloworld.c
Invoking: ARM v7 gcc compiler
arm-none-eabi-gcc -Wall -O0 -g3 -c -fmessage-length=0 -MT"src/helloworld.o" -mcpu=cortex-a9 -mfpu=vfpv3 -mfloat-abi=hard -I../../xadc_test_bsp/ps7_cortexa9_0/include -MMD -MP -MF"src/helloworld.d" -MT"src/helloworld.o" -o "src/helloworld.o" "../src/helloworld.c"
In file included from ../src/helloworld.c:36:0:
../../xadc_test_bsp/ps7_cortexa9_0/include/xtime_l.h:87:9: note: #pragma message: For the sleep routines, Global timer is being used
 #pragma message ("For the sleep routines, Global timer is being used")
         ^~~~~~~
../src/helloworld.c: In function 'main':
../src/helloworld.c:242:9: warning: unused variable 'tUsed' [-Wunused-variable]
     u32 tUsed;
         ^~~~~
../src/helloworld.c:241:17: warning: unused variable 'tCur' [-Wunused-variable]
     XTime tEnd, tCur;
                 ^~~~
../src/helloworld.c:241:11: warning: unused variable 'tEnd' [-Wunused-variable]
     XTime tEnd, tCur;
           ^~~~
Finished building: ../src/helloworld.c
 
Building target: xadc_test.elf
Invoking: ARM v7 gcc linker
arm-none-eabi-gcc -mcpu=cortex-a9 -mfpu=vfpv3 -mfloat-abi=hard -Wl,-build-id=none -specs=Xilinx.spec -Wl,-T -Wl,../src/lscript.ld -L../../xadc_test_bsp/ps7_cortexa9_0/lib -o "xadc_test.elf"  ./src/helloworld.o ./src/platform.o   -Wl,--start-group,-lxil,-lgcc,-lc,--end-group
Finished building target: xadc_test.elf
 
Invoking: ARM v7 Print Size
arm-none-eabi-size xadc_test.elf  |tee "xadc_test.elf.size"
   text	   data	    bss	    dec	    hex	filename
  51380	   3048	  22800	  77228	  12dac	xadc_test.elf
Finished building: xadc_test.elf.size
 
17:33:34 **** Incremental Build of configuration Debug for project xadc_test ****
make pre-build main-build 
a9-linaro-pre-build-step
 
make: Nothing to be done for 'main-build'.
